// Jest Snapshot v1, https://goo.gl/fbAQLP

exports[`should render a expense list item correctly 1`] = `
<div>
  <Link
    replace={false}
    to="/edit/2"
  >
    <h3>
      Rent
    </h3>
  </Link>
  <p>
    $
    30000
     - Date: 
    -345600000
  </p>
</div>
`;
